neuralnet.h:10:7:sigmoid	16	static
neuralnet.h:14:7:relu	16	static
neuralnet.h:48:6:Linear_construct	24	static
neuralnet.h:61:6:Model_construct	16	static
neuralnet.h:66:6:Model_append	24	static
neuralnet.h:70:8:forward	48	static
main.c:72:1:__io_putchar	16	static
main.c:134:6:print_data	8	static
main.c:143:6:HAL_SPI_RxCpltCallback	16	static
main.c:153:6:HAL_TIM_PeriodElapsedCallback	48	static
main.c:259:5:main	40	static
main.c:349:6:SystemClock_Config	120	static
main.c:407:6:PeriphCommonClock_Config	192	static
main.c:434:13:MX_ADC1_Init	56	static
main.c:499:13:MX_ADC2_Init	48	static
main.c:556:13:MX_ADC3_Init	48	static
main.c:619:13:MX_DAC1_Init	48	static
main.c:660:13:MX_I2C4_Init	8	static
main.c:706:13:MX_OCTOSPI1_Init	32	static
main.c:757:13:MX_SPI5_Init	8	static
main.c:805:13:MX_TIM1_Init	96	static
main.c:874:13:MX_TIM4_Init	48	static
main.c:931:13:MX_TIM5_Init	48	static
main.c:980:13:MX_TIM13_Init	8	static
main.c:1011:13:MX_USART3_UART_Init	8	static
main.c:1059:13:MX_GPIO_Init	64	static
main.c:1417:6:Error_Handler	4	static,ignoring_inline_asm
